#-----------------------------------------------------------
# Vivado v2021.2 (64-bit)
# SW Build 3367213 on Tue Oct 19 02:47:39 MDT 2021
# IP Build 3369179 on Thu Oct 21 08:25:16 MDT 2021
# Start of session at: Sun Apr 24 14:53:18 2022
# Process ID: 12856
# Current directory: /home/chris/workspace/sp22-e520-lab-assignment7-ychen0223/part4/hardware/Lab7P.runs/design_1_rst_ps7_0_50M_0_synth_1
# Command line: vivado -log design_1_rst_ps7_0_50M_0.vds -product Vivado -mode batch -messageDb vivado.pb -notrace -source design_1_rst_ps7_0_50M_0.tcl
# Log file: /home/chris/workspace/sp22-e520-lab-assignment7-ychen0223/part4/hardware/Lab7P.runs/design_1_rst_ps7_0_50M_0_synth_1/design_1_rst_ps7_0_50M_0.vds
# Journal file: /home/chris/workspace/sp22-e520-lab-assignment7-ychen0223/part4/hardware/Lab7P.runs/design_1_rst_ps7_0_50M_0_synth_1/vivado.jou
# Running On: chris-IdeaPad-5-Pro-14ACN6, OS: Linux, CPU Frequency: 1800.000 MHz, CPU Physical cores: 12, Host memory: 14507 MB
#-----------------------------------------------------------
source design_1_rst_ps7_0_50M_0.tcl -notrace
