Nothing to build in platform 'design_1_wrapper'

16:47:35 **** Incremental Build of configuration Debug for project led_app ****
make all 
make --no-print-directory pre-build
a9-linaro-pre-build-step
 
make --no-print-directory main-build
Building file: ../src/test_led.c
Invoking: ARM v7 gcc compiler
arm-none-eabi-gcc -Wall -O0 -g3 -c -fmessage-length=0 -MT"src/test_led.o" -mcpu=cortex-a9 -mfpu=vfpv3 -mfloat-abi=hard -I/home/chris/workspace/sp22-e520-lab-assignment7-ychen0223/part4/software/design_1_wrapper/export/design_1_wrapper/sw/design_1_wrapper/standalone_ps7_cortexa9_0/bspinclude/include -MMD -MP -MF"src/test_led.d" -MT"src/test_led.o" -o "src/test_led.o" "../src/test_led.c"
Finished building: ../src/test_led.c
 
Building target: led_app.elf
Invoking: ARM v7 gcc linker
arm-none-eabi-gcc -mcpu=cortex-a9 -mfpu=vfpv3 -mfloat-abi=hard -Wl,-build-id=none -specs=Xilinx.spec -Wl,-T -Wl,../src/lscript.ld -L/home/chris/workspace/sp22-e520-lab-assignment7-ychen0223/part4/software/design_1_wrapper/export/design_1_wrapper/sw/design_1_wrapper/standalone_ps7_cortexa9_0/bsplib/lib -o "led_app.elf"  ./src/ledCtrl.o ./src/test_led.o   -Wl,--start-group,-lxil,-lgcc,-lc,--end-group
Finished building target: led_app.elf
 
Invoking: ARM v7 Print Size
arm-none-eabi-size led_app.elf  |tee "led_app.elf.size"
   text	   data	    bss	    dec	    hex	filename
  74411	   2566	  22640	  99617	  18521	led_app.elf
Finished building: led_app.elf.size
 
16:47:36 **** Incremental Build of configuration Debug for project led_app_system ****
make all 
Generating bif file for the system project
Executing command '::scw::generate_bif -xpfm /home/chris/workspace/sp22-e520-lab-assignment7-ychen0223/part4/software/design_1_wrapper/export/design_1_wrapper/design_1_wrapper.xpfm -domains standalone_ps7_cortexa9_0 -bifpath /home/chris/workspace/sp22-e520-lab-assignment7-ychen0223/part4/software/led_app_system/Debug/system.bif' on XSCT
sdcard_gen --xpfm /home/chris/workspace/sp22-e520-lab-assignment7-ychen0223/part4/software/design_1_wrapper/export/design_1_wrapper/design_1_wrapper.xpfm --sys_config design_1_wrapper --bif /home/chris/workspace/sp22-e520-lab-assignment7-ychen0223/part4/software/led_app_system/Debug/system.bif --bitstream /home/chris/workspace/sp22-e520-lab-assignment7-ychen0223/part4/software/led_app/_ide/bitstream/design_1_wrapper.bit --elf /home/chris/workspace/sp22-e520-lab-assignment7-ychen0223/part4/software/led_app/Debug/led_app.elf,ps7_cortexa9_0
creating BOOT.BIN using /home/chris/workspace/sp22-e520-lab-assignment7-ychen0223/part4/software/led_app/_ide/bitstream/design_1_wrapper.bit
Running /home/chris/Vitis/2021.2/bin/bootgen  -image /home/chris/workspace/sp22-e520-lab-assignment7-ychen0223/part4/software/led_app_system/Debug/sd_card_temp/boot.bif -w -o i BOOT.BIN
