22:58:24 **** Build of project design_2_wrapper ****
buildplatform.sh 39179 design_2_wrapper  
XSDB Server Channel: tcfchan#4
Building the zynq_fsbl application.
make: Entering directory '/home/chris/workspace/sp22-e520-lab-assignment7-ychen0223/part3/software/design_2_wrapper/zynq_fsbl/z
ynq_fsbl_bsp'

make --no-print-directory seq_libs

Running Make include in ps7_cortexa9_0/libsrc/multiplier_proj_v1_0/src

make -C ps7_cortexa9_0/libsrc/multiplier_proj_v1_0/src -s include  "SHELL=/bin/sh" "COMPILER=arm-none-eabi-gcc" "ASSEMBLER=arm-
none-eabi-as" "ARCHIVER=arm-none-eabi-ar" "COMPILER_FLAGS=  -O2 -c" "EXTRA_COMPILER_FLAGS=-mcpu=cortex-a9 -mfpu=vfpv3 -mfloat-a
bi=hard -nostartfiles -g -Wall -Wextra -fno-tree-loop-distribute-patterns"

Running Make include in ps7_cortexa9_0/libsrc/scuwdt_v2_4/src

make -C ps7_cortexa9_0/libsrc/scuwdt_v2_4/src -s include  "SHELL=/bin/sh" "COMPILER=arm-none-eabi-gcc" "ASSEMBLER=arm-none-eabi
-as" "ARCHIVER=arm-none-eabi-ar" "COMPILER_FLAGS=  -O2 -c" "EXTRA_COMPILER_FLAGS=-mcpu=cortex-a9 -mfpu=vfpv3 -mfloat-abi=hard -
nostartfiles -g -Wall -Wextra -fno-tree-loop-distribute-patterns"

Running Make include in ps7_cortexa9_0/libsrc/devcfg_v3_7/src

make -C ps7_cortexa9_0/libsrc/devcfg_v3_7/src -s include  "SHELL=/bin/sh" "COMPILER=arm-none-eabi-gcc" "ASSEMBLER=arm-none-eabi
-as" "ARCHIVER=arm-none-eabi-ar" "COMPILER_FLAGS=  -O2 -c" "EXTRA_COMPILER_FLAGS=-mcpu=cortex-a9 -mfpu=vfpv3 -mfloat-abi=hard -
nostartfiles -g -Wall -Wextra -fno-tree-loop-distribute-patterns"

Running Make include in ps7_cortexa9_0/libsrc/scugic_v4_6/src

make -C ps7_cortexa9_0/libsrc/scugic_v4_6/src -s include  "SHELL=/bin/sh" "COMPILER=arm-none-eabi-gcc" "ASSEMBLER=arm-none-eabi
-as" "ARCHIVER=arm-none-eabi-ar" "COMPILER_FLAGS=  -O2 -c" "EXTRA_COMPILER_FLAGS=-mcpu=cortex-a9 -mfpu=vfpv3 -mfloat-abi=hard -
nostartfiles -g -Wall -Wextra -fno-tree-loop-distribute-patterns"

Running Make include in ps7_cortexa9_0/libsrc/xilrsa_v1_6/src

make -C ps7_cortexa9_0/libsrc/xilrsa_v1_6/src -s include  "SHELL=/bin/sh" "COMPILER=arm-none-eabi-gcc" "ASSEMBLER=arm-none-eabi
-as" "ARCHIVER=arm-none-eabi-ar" "COMPILER_FLAGS=  -O2 -c" "EXTRA_COMPILER_FLAGS=-mcpu=cortex-a9 -mfpu=vfpv3 -mfloat-abi=hard -
nostartfiles -g -Wall -Wextra -fno-tree-loop-distribute-patterns"

Running Make include in ps7_cortexa9_0/libsrc/xilffs_v4_6/src

make -C ps7_cortexa9_0/libsrc/xilffs_v4_6/src -s include  "SHELL=/bin/sh" "COMPILER=arm-none-eabi-gcc" "ASSEMBLER=arm-none-eabi
-as" "ARCHIVER=arm-none-eabi-ar" "COMPILER_FLAGS=  -O2 -c" "EXTRA_COMPILER_FLAGS=-mcpu=cortex-a9 -mfpu=vfpv3 -mfloat-abi=hard -
nostartfiles -g -Wall -Wextra -fno-tree-loop-distribute-patterns"

Running Make include in ps7_cortexa9_0/libsrc/uartps_v3_11/src

make -C ps7_cortexa9_0/libsrc/uartps_v3_11/src -s include  "SHELL=/bin/sh" "COMPILER=arm-none-eabi-gcc" "ASSEMBLER=arm-none-eab
i-as" "ARCHIVER=arm-none-eabi-ar" "COMPILER_FLAGS=  -O2 -c" "EXTRA_COMPILER_FLAGS=-mcpu=cortex-a9 -mfpu=vfpv3 -mfloat-abi=hard 
-nostartfiles -g -Wall -Wextra -fno-tree-loop-distribute-patterns"

Running Make include in ps7_cortexa9_0/libsrc/scutimer_v2_3/src

make -C ps7_cortexa9_0/libsrc/scutimer_v2_3/src -s include  "SHELL=/bin/sh" "COMPILER=arm-none-eabi-gcc" "ASSEMBLER=arm-none-ea
bi-as" "ARCHIVER=arm-none-eabi-ar" "COMPILER_FLAGS=  -O2 -c" "EXTRA_COMPILER_FLAGS=-mcpu=cortex-a9 -mfpu=vfpv3 -mfloat-abi=hard
 -nostartfiles -g -Wall -Wextra -fno-tree-loop-distribute-patterns"

Running Make include in ps7_cortexa9_0/libsrc/standalone_v7_6/src

make -C ps7_cortexa9_0/libsrc/standalone_v7_6/src -s include  "SHELL=/bin/sh" "COMPILER=arm-none-eabi-gcc" "ASSEMBLER=arm-none-
eabi-as" "ARCHIVER=arm-none-eabi-ar" "COMPILER_FLAGS=  -O2 -c" "EXTRA_COMPILER_FLAGS=-mcpu=cortex-a9 -mfpu=vfpv3 -mfloat-abi=ha
rd -nostartfiles -g -Wall -Wextra -fno-tree-loop-distribute-patterns"

Running Make include in ps7_cortexa9_0/libsrc/coresightps_dcc_v1_8/src

make -C ps7_cortexa9_0/libsrc/coresightps_dcc_v1_8/src -s include  "SHELL=/bin/sh" "COMPILER=arm-none-eabi-gcc" "ASSEMBLER=arm-
none-eabi-as" "ARCHIVER=arm-none-eabi-ar" "COMPILER_FLAGS=  -O2 -c" "EXTRA_COMPILER_FLAGS=-mcpu=cortex-a9 -mfpu=vfpv3 -mfloat-a
bi=hard -nostartfiles -g -Wall -Wextra -fno-tree-loop-distribute-patterns"

Running Make include in ps7_cortexa9_0/libsrc/ddrps_v1_2/src

make -C ps7_cortexa9_0/libsrc/ddrps_v1_2/src -s include  "SHELL=/bin/sh" "COMPILER=arm-none-eabi-gcc" "ASSEMBLER=arm-none-eabi-
as" "ARCHIVER=arm-none-eabi-ar" "COMPILER_FLAGS=  -O2 -c" "EXTRA_COMPILER_FLAGS=-mcpu=cortex-a9 -mfpu=vfpv3 -mfloat-abi=hard -n
ostartfiles -g -Wall -Wextra -fno-tree-loop-distribute-patterns"

Running Make include in ps7_cortexa9_0/libsrc/xadcps_v2_6/src

make -C ps7_cortexa9_0/libsrc/xadcps_v2_6/src -s include  "SHELL=/bin/sh" "COMPILER=arm-none-eabi-gcc" "ASSEMBLER=arm-none-eabi
-as" "ARCHIVER=arm-none-eabi-ar" "COMPILER_FLAGS=  -O2 -c" "EXTRA_COMPILER_FLAGS=-mcpu=cortex-a9 -mfpu=vfpv3 -mfloat-abi=hard -
nostartfiles -g -Wall -Wextra -fno-tree-loop-distribute-patterns"

Running Make include in ps7_cortexa9_0/libsrc/cpu_cortexa9_v2_11/src

make -C ps7_cortexa9_0/libsrc/cpu_cortexa9_v2_11/src -s include  "SHELL=/bin/sh" "COMPILER=arm-none-eabi-gcc" "ASSEMBLER=arm-no
ne-eabi-as" "ARCHIVER=arm-none-eabi-ar" "COMPILER_FLAGS=  -O2 -c" "EXTRA_COMPILER_FLAGS=-mcpu=cortex-a9 -mfpu=vfpv3 -mfloat-abi
=hard -nostartfiles -g -Wall -Wextra -fno-tree-loop-distribute-patterns"

Running Make include in ps7_cortexa9_0/libsrc/qspips_v3_9/src

make -C ps7_cortexa9_0/libsrc/qspips_v3_9/src -s include  "SHELL=/bin/sh" "COMPILER=arm-none-eabi-gcc" "ASSEMBLER=arm-none-eabi
-as" "ARCHIVER=arm-none-eabi-ar" "COMPILER_FLAGS=  -O2 -c" "EXTRA_COMPILER_FLAGS=-mcpu=cortex-a9 -mfpu=vfpv3 -mfloat-abi=hard -
nostartfiles -g -Wall -Wextra -fno-tree-loop-distribute-patterns"

Running Make include in ps7_cortexa9_0/libsrc/dmaps_v2_8/src

make -C ps7_cortexa9_0/libsrc/dmaps_v2_8/src -s include  "SHELL=/bin/sh" "COMPILER=arm-none-eabi-gcc" "ASSEMBLER=arm-none-eabi-
as" "ARCHIVER=arm-none-eabi-ar" "COMPILER_FLAGS=  -O2 -c" "EXTRA_COMPILER_FLAGS=-mcpu=cortex-a9 -mfpu=vfpv3 -mfloat-abi=hard -n
ostartfiles -g -Wall -Wextra -fno-tree-loop-distribute-patterns"

Running Make libs in ps7_cortexa9_0/libsrc/multiplier_proj_v1_0/src

make -C ps7_cortexa9_0/libsrc/multiplier_proj_v1_0/src -s libs  "SHELL=/bin/sh" "COMPILER=arm-none-eabi-gcc" "ASSEMBLER=arm-non
e-eabi-as" "ARCHIVER=arm-none-eabi-ar" "COMPILER_FLAGS=  -O2 -c" "EXTRA_COMPILER_FLAGS=-mcpu=cortex-a9 -mfpu=vfpv3 -mfloat-abi=
hard -nostartfiles -g -Wall -Wextra -fno-tree-loop-distribute-patterns"

Compiling multiplier_proj...

multiplier_proj_selftest.c: In function 'MULTIPLIER_PROJ_Reg_SelfTest':
multiplier_proj_selftest.c:52:64: warning: comparison of integer expressions of different signedness: 'u32' {aka 'long unsigned int'} and 'int' [-Wsign-compare]
   52 |    if ( MULTIPLIER_PROJ_mReadReg (baseaddr, read_loop_index*4) != (read_loop_index+1)*READ_WRITE_MUL_FACTOR){
      |                                                                ^~
multiplier_proj_selftest.c:36:6: warning: unused variable 'Index' [-Wunused-variable]
   36 |  int Index;
      |      ^~~~~
/home/chris/Vitis/2021.2/gnu/aarch32/lin/gcc-arm-none-eabi/bin/../x86_64-oesdk-linux/usr/bin/arm-xilinx-eabi/arm-xilinx-eabi-ar.real: creating ../../../lib/libxil.a
Running Make libs in ps7_cortexa9_0/libsrc/xilrsa_v1_6/src

make -C ps7_cortexa9_0/libsrc/xilrsa_v1_6/src -s libs  "SHELL=/bin/sh" "COMPILER=arm-none-eabi-gcc" "ASSEMBLER=arm-none-eabi-as
" "ARCHIVER=arm-none-eabi-ar" "COMPILER_FLAGS=  -O2 -c" "EXTRA_COMPILER_FLAGS=-mcpu=cortex-a9 -mfpu=vfpv3 -mfloat-abi=hard -nos
tartfiles -g -Wall -Wextra -fno-tree-loop-distribute-patterns"

Finished building libraries sequentially.

make -j 10 --no-print-directory par_libs

Running Make include in ps7_cortexa9_0/libsrc/scuwdt_v2_4/src

Running Make include in ps7_cortexa9_0/libsrc/multiplier_proj_v1_0/src

Running Make include in ps7_cortexa9_0/libsrc/devcfg_v3_7/src

make -C ps7_cortexa9_0/libsrc/multiplier_proj_v1_0/src -s include  "SHELL=/bin/sh" "COMPILER=arm-none-eabi-gcc" "ASSEMBLER=arm-
none-eabi-as" "ARCHIVER=arm-none-eabi-ar" "COMPILER_FLAGS=  -O2 -c" "EXTRA_COMPILER_FLAGS=-mcpu=cortex-a9 -mfpu=vfpv3 -mfloat-a
bi=hard -nostartfiles -g -Wall -Wextra -fno-tree-loop-distribute-patterns"

Running Make include in ps7_cortexa9_0/libsrc/scugic_v4_6/src

Running Make include in ps7_cortexa9_0/libsrc/xilrsa_v1_6/src

make -C ps7_cortexa9_0/libsrc/scuwdt_v2_4/src -s include  "SHELL=/bin/sh" "COMPILER=arm-none-eabi-gcc" "ASSEMBLER=arm-none-eabi
-as" "ARCHIVER=arm-none-eabi-ar" "COMPILER_FLAGS=  -O2 -c" "EXTRA_COMPILER_FLAGS=-mcpu=cortex-a9 -mfpu=vfpv3 -mfloat-abi=hard -
nostartfiles -g -Wall -Wextra -fno-tree-loop-distribute-patterns"

make -C ps7_cortexa9_0/libsrc/devcfg_v3_7/src -s include  "SHELL=/bin/sh" "COMPILER=arm-none-eabi-gcc" "ASSEMBLER=arm-none-eabi
-as" "ARCHIVER=arm-none-eabi-ar" "COMPILER_FLAGS=  -O2 -c" "EXTRA_COMPILER_FLAGS=-mcpu=cortex-a9 -mfpu=vfpv3 -mfloat-abi=hard -
nostartfiles -g -Wall -Wextra -fno-tree-loop-distribute-patterns"

Running Make include in ps7_cortexa9_0/libsrc/xilffs_v4_6/src

Running Make include in ps7_cortexa9_0/libsrc/uartps_v3_11/src

make -C ps7_cortexa9_0/libsrc/scugic_v4_6/src -s include  "SHELL=/bin/sh" "COMPILER=arm-none-eabi-gcc" "ASSEMBLER=arm-none-eabi
-as" "ARCHIVER=arm-none-eabi-ar" "COMPILER_FLAGS=  -O2 -c" "EXTRA_COMPILER_FLAGS=-mcpu=cortex-a9 -mfpu=vfpv3 -mfloat-abi=hard -
nostartfiles -g -Wall -Wextra -fno-tree-loop-distribute-patterns"

make -C ps7_cortexa9_0/libsrc/xilrsa_v1_6/src -s include  "SHELL=/bin/sh" "COMPILER=arm-none-eabi-gcc" "ASSEMBLER=arm-none-eabi
-as" "ARCHIVER=arm-none-eabi-ar" "COMPILER_FLAGS=  -O2 -c" "EXTRA_COMPILER_FLAGS=-mcpu=cortex-a9 -mfpu=vfpv3 -mfloat-abi=hard -
nostartfiles -g -Wall -Wextra -fno-tree-loop-distribute-patterns"

make -C ps7_cortexa9_0/libsrc/xilffs_v4_6/src -s include  "SHELL=/bin/sh" "COMPILER=arm-none-eabi-gcc" "ASSEMBLER=arm-none-eabi
-as" "ARCHIVER=arm-none-eabi-ar" "COMPILER_FLAGS=  -O2 -c" "EXTRA_COMPILER_FLAGS=-mcpu=cortex-a9 -mfpu=vfpv3 -mfloat-abi=hard -
nostartfiles -g -Wall -Wextra -fno-tree-loop-distribute-patterns"

Running Make include in ps7_cortexa9_0/libsrc/scutimer_v2_3/src

make -C ps7_cortexa9_0/libsrc/uartps_v3_11/src -s include  "SHELL=/bin/sh" "COMPILER=arm-none-eabi-gcc" "ASSEMBLER=arm-none-eab
i-as" "ARCHIVER=arm-none-eabi-ar" "COMPILER_FLAGS=  -O2 -c" "EXTRA_COMPILER_FLAGS=-mcpu=cortex-a9 -mfpu=vfpv3 -mfloat-abi=hard 
-nostartfiles -g -Wall -Wextra -fno-tree-loop-distribute-patterns"

make -C ps7_cortexa9_0/libsrc/scutimer_v2_3/src -s include  "SHELL=/bin/sh" "COMPILER=arm-none-eabi-gcc" "ASSEMBLER=arm-none-ea
bi-as" "ARCHIVER=arm-none-eabi-ar" "COMPILER_FLAGS=  -O2 -c" "EXTRA_COMPILER_FLAGS=-mcpu=cortex-a9 -mfpu=vfpv3 -mfloat-abi=hard
 -nostartfiles -g -Wall -Wextra -fno-tree-loop-distribute-patterns"

Running Make include in ps7_cortexa9_0/libsrc/standalone_v7_6/src

make -C ps7_cortexa9_0/libsrc/standalone_v7_6/src -s include  "SHELL=/bin/sh" "COMPILER=arm-none-eabi-gcc" "ASSEMBLER=arm-none-
eabi-as" "ARCHIVER=arm-none-eabi-ar" "COMPILER_FLAGS=  -O2 -c" "EXTRA_COMPILER_FLAGS=-mcpu=cortex-a9 -mfpu=vfpv3 -mfloat-abi=ha
rd -nostartfiles -g -Wall -Wextra -fno-tree-loop-distribute-patterns"

Running Make include in ps7_cortexa9_0/libsrc/coresightps_dcc_v1_8/src

make -C ps7_cortexa9_0/libsrc/coresightps_dcc_v1_8/src -s include  "SHELL=/bin/sh" "COMPILER=arm-none-eabi-gcc" "ASSEMBLER=arm-
none-eabi-as" "ARCHIVER=arm-none-eabi-ar" "COMPILER_FLAGS=  -O2 -c" "EXTRA_COMPILER_FLAGS=-mcpu=cortex-a9 -mfpu=vfpv3 -mfloat-a
bi=hard -nostartfiles -g -Wall -Wextra -fno-tree-loop-distribute-patterns"

Running Make include in ps7_cortexa9_0/libsrc/ddrps_v1_2/src

make -C ps7_cortexa9_0/libsrc/ddrps_v1_2/src -s include  "SHELL=/bin/sh" "COMPILER=arm-none-eabi-gcc" "ASSEMBLER=arm-none-eabi-
as" "ARCHIVER=arm-none-eabi-ar" "COMPILER_FLAGS=  -O2 -c" "EXTRA_COMPILER_FLAGS=-mcpu=cortex-a9 -mfpu=vfpv3 -mfloat-abi=hard -n
ostartfiles -g -Wall -Wextra -fno-tree-loop-distribute-patterns"

Running Make include in ps7_cortexa9_0/libsrc/cpu_cortexa9_v2_11/src

Running Make include in ps7_cortexa9_0/libsrc/xadcps_v2_6/src

make -C ps7_cortexa9_0/libsrc/xadcps_v2_6/src -s include  "SHELL=/bin/sh" "COMPILER=arm-none-eabi-gcc" "ASSEMBLER=arm-none-eabi
-as" "ARCHIVER=arm-none-eabi-ar" "COMPILER_FLAGS=  -O2 -c" "EXTRA_COMPILER_FLAGS=-mcpu=cortex-a9 -mfpu=vfpv3 -mfloat-abi=hard -
nostartfiles -g -Wall -Wextra -fno-tree-loop-distribute-patterns"

make -C ps7_cortexa9_0/libsrc/cpu_cortexa9_v2_11/src -s include  "SHELL=/bin/sh" "COMPILER=arm-none-eabi-gcc" "ASSEMBLER=arm-no
ne-eabi-as" "ARCHIVER=arm-none-eabi-ar" "COMPILER_FLAGS=  -O2 -c" "EXTRA_COMPILER_FLAGS=-mcpu=cortex-a9 -mfpu=vfpv3 -mfloat-abi
=hard -nostartfiles -g -Wall -Wextra -fno-tree-loop-distribute-patterns"

Running Make include in ps7_cortexa9_0/libsrc/qspips_v3_9/src

make -C ps7_cortexa9_0/libsrc/qspips_v3_9/src -s include  "SHELL=/bin/sh" "COMPILER=arm-none-eabi-gcc" "ASSEMBLER=arm-none-eabi
-as" "ARCHIVER=arm-none-eabi-ar" "COMPILER_FLAGS=  -O2 -c" "EXTRA_COMPILER_FLAGS=-mcpu=cortex-a9 -mfpu=vfpv3 -mfloat-abi=hard -
nostartfiles -g -Wall -Wextra -fno-tree-loop-distribute-patterns"

Running Make include in ps7_cortexa9_0/libsrc/dmaps_v2_8/src

make -C ps7_cortexa9_0/libsrc/dmaps_v2_8/src -s include  "SHELL=/bin/sh" "COMPILER=arm-none-eabi-gcc" "ASSEMBLER=arm-none-eabi-
as" "ARCHIVER=arm-none-eabi-ar" "COMPILER_FLAGS=  -O2 -c" "EXTRA_COMPILER_FLAGS=-mcpu=cortex-a9 -mfpu=vfpv3 -mfloat-abi=hard -n
ostartfiles -g -Wall -Wextra -fno-tree-loop-distribute-patterns"

Running Make libs in ps7_cortexa9_0/libsrc/scugic_v4_6/src

Running Make libs in ps7_cortexa9_0/libsrc/scuwdt_v2_4/src

Running Make libs in ps7_cortexa9_0/libsrc/devcfg_v3_7/src

make -C ps7_cortexa9_0/libsrc/scugic_v4_6/src -s libs  "SHELL=/bin/sh" "COMPILER=arm-none-eabi-gcc" "ASSEMBLER=arm-none-eabi-as
" "ARCHIVER=arm-none-eabi-ar" "COMPILER_FLAGS=  -O2 -c" "EXTRA_COMPILER_FLAGS=-mcpu=cortex-a9 -mfpu=vfpv3 -mfloat-abi=hard -nos
tartfiles -g -Wall -Wextra -fno-tree-loop-distribute-patterns"

Running Make libs in ps7_cortexa9_0/libsrc/xilffs_v4_6/src

make -C ps7_cortexa9_0/libsrc/scuwdt_v2_4/src -s libs  "SHELL=/bin/sh" "COMPILER=arm-none-eabi-gcc" "ASSEMBLER=arm-none-eabi-as
" "ARCHIVER=arm-none-eabi-ar" "COMPILER_FLAGS=  -O2 -c" "EXTRA_COMPILER_FLAGS=-mcpu=cortex-a9 -mfpu=vfpv3 -mfloat-abi=hard -nos
tartfiles -g -Wall -Wextra -fno-tree-loop-distribute-patterns"

Running Make libs in ps7_cortexa9_0/libsrc/uartps_v3_11/src

make -C ps7_cortexa9_0/libsrc/devcfg_v3_7/src -s libs  "SHELL=/bin/sh" "COMPILER=arm-none-eabi-gcc" "ASSEMBLER=arm-none-eabi-as
" "ARCHIVER=arm-none-eabi-ar" "COMPILER_FLAGS=  -O2 -c" "EXTRA_COMPILER_FLAGS=-mcpu=cortex-a9 -mfpu=vfpv3 -mfloat-abi=hard -nos
tartfiles -g -Wall -Wextra -fno-tree-loop-distribute-patterns"

Running Make libs in ps7_cortexa9_0/libsrc/scutimer_v2_3/src

Running Make libs in ps7_cortexa9_0/libsrc/standalone_v7_6/src

make -C ps7_cortexa9_0/libsrc/xilffs_v4_6/src -s libs  "SHELL=/bin/sh" "COMPILER=arm-none-eabi-gcc" "ASSEMBLER=arm-none-eabi-as
" "ARCHIVER=arm-none-eabi-ar" "COMPILER_FLAGS=  -O2 -c" "EXTRA_COMPILER_FLAGS=-mcpu=cortex-a9 -mfpu=vfpv3 -mfloat-abi=hard -nos
tartfiles -g -Wall -Wextra -fno-tree-loop-distribute-patterns"

Running Make libs in ps7_cortexa9_0/libsrc/coresightps_dcc_v1_8/src

make -C ps7_cortexa9_0/libsrc/uartps_v3_11/src -s libs  "SHELL=/bin/sh" "COMPILER=arm-none-eabi-gcc" "ASSEMBLER=arm-none-eabi-a
s" "ARCHIVER=arm-none-eabi-ar" "COMPILER_FLAGS=  -O2 -c" "EXTRA_COMPILER_FLAGS=-mcpu=cortex-a9 -mfpu=vfpv3 -mfloat-abi=hard -no
startfiles -g -Wall -Wextra -fno-tree-loop-distribute-patterns"

make -C ps7_cortexa9_0/libsrc/scutimer_v2_3/src -s libs  "SHELL=/bin/sh" "COMPILER=arm-none-eabi-gcc" "ASSEMBLER=arm-none-eabi-
as" "ARCHIVER=arm-none-eabi-ar" "COMPILER_FLAGS=  -O2 -c" "EXTRA_COMPILER_FLAGS=-mcpu=cortex-a9 -mfpu=vfpv3 -mfloat-abi=hard -n
ostartfiles -g -Wall -Wextra -fno-tree-loop-distribute-patterns"

make -C ps7_cortexa9_0/libsrc/standalone_v7_6/src -s libs  "SHELL=/bin/sh" "COMPILER=arm-none-eabi-gcc" "ASSEMBLER=arm-none-eab
i-as" "ARCHIVER=arm-none-eabi-ar" "COMPILER_FLAGS=  -O2 -c" "EXTRA_COMPILER_FLAGS=-mcpu=cortex-a9 -mfpu=vfpv3 -mfloat-abi=hard 
-nostartfiles -g -Wall -Wextra -fno-tree-loop-distribute-patterns"

make -C ps7_cortexa9_0/libsrc/coresightps_dcc_v1_8/src -s libs  "SHELL=/bin/sh" "COMPILER=arm-none-eabi-gcc" "ASSEMBLER=arm-non
e-eabi-as" "ARCHIVER=arm-none-eabi-ar" "COMPILER_FLAGS=  -O2 -c" "EXTRA_COMPILER_FLAGS=-mcpu=cortex-a9 -mfpu=vfpv3 -mfloat-abi=
hard -nostartfiles -g -Wall -Wextra -fno-tree-loop-distribute-patterns"

Running Make libs in ps7_cortexa9_0/libsrc/ddrps_v1_2/src

make -C ps7_cortexa9_0/libsrc/ddrps_v1_2/src -s libs  "SHELL=/bin/sh" "COMPILER=arm-none-eabi-gcc" "ASSEMBLER=arm-none-eabi-as"
 "ARCHIVER=arm-none-eabi-ar" "COMPILER_FLAGS=  -O2 -c" "EXTRA_COMPILER_FLAGS=-mcpu=cortex-a9 -mfpu=vfpv3 -mfloat-abi=hard -nost
artfiles -g -Wall -Wextra -fno-tree-loop-distribute-patterns"

Running Make libs in ps7_cortexa9_0/libsrc/xadcps_v2_6/src

make -C ps7_cortexa9_0/libsrc/xadcps_v2_6/src -s libs  "SHELL=/bin/sh" "COMPILER=arm-none-eabi-gcc" "ASSEMBLER=arm-none-eabi-as
" "ARCHIVER=arm-none-eabi-ar" "COMPILER_FLAGS=  -O2 -c" "EXTRA_COMPILER_FLAGS=-mcpu=cortex-a9 -mfpu=vfpv3 -mfloat-abi=hard -nos
tartfiles -g -Wall -Wextra -fno-tree-loop-distribute-patterns"

Running Make libs in ps7_cortexa9_0/libsrc/cpu_cortexa9_v2_11/src

make -C ps7_cortexa9_0/libsrc/cpu_cortexa9_v2_11/src -s libs  "SHELL=/bin/sh" "COMPILER=arm-none-eabi-gcc" "ASSEMBLER=arm-none-
eabi-as" "ARCHIVER=arm-none-eabi-ar" "COMPILER_FLAGS=  -O2 -c" "EXTRA_COMPILER_FLAGS=-mcpu=cortex-a9 -mfpu=vfpv3 -mfloat-abi=ha
rd -nostartfiles -g -Wall -Wextra -fno-tree-loop-distribute-patterns"

xtime_l.c:45:9: note: '#pragma message: For the sleep routines, Global timer is being used'
   45 | #pragma message ("For the sleep routines, Global timer is being used")
      |         ^~~~~~~
Running Make libs in ps7_cortexa9_0/libsrc/qspips_v3_9/src

make -C ps7_cortexa9_0/libsrc/qspips_v3_9/src -s libs  "SHELL=/bin/sh" "COMPILER=arm-none-eabi-gcc" "ASSEMBLER=arm-none-eabi-as
" "ARCHIVER=arm-none-eabi-ar" "COMPILER_FLAGS=  -O2 -c" "EXTRA_COMPILER_FLAGS=-mcpu=cortex-a9 -mfpu=vfpv3 -mfloat-abi=hard -nos
tartfiles -g -Wall -Wextra -fno-tree-loop-distribute-patterns"

Running Make libs in ps7_cortexa9_0/libsrc/dmaps_v2_8/src

make -C ps7_cortexa9_0/libsrc/dmaps_v2_8/src -s libs  "SHELL=/bin/sh" "COMPILER=arm-none-eabi-gcc" "ASSEMBLER=arm-none-eabi-as"
 "ARCHIVER=arm-none-eabi-ar" "COMPILER_FLAGS=  -O2 -c" "EXTRA_COMPILER_FLAGS=-mcpu=cortex-a9 -mfpu=vfpv3 -mfloat-abi=hard -nost
artfiles -g -Wall -Wextra -fno-tree-loop-distribute-patterns"

Finished building libraries parallelly.

make --no-print-directory archive

arm-none-eabi-ar -r  ps7_cortexa9_0/lib/libxil.a ps7_cortexa9_0/lib/xscutimer.o ps7_cortexa9_0/lib/xdmaps_hw.o ps7_cortexa9_0/l
ib/xdevcfg_sinit.o ps7_cortexa9_0/lib/translation_table.o ps7_cortexa9_0/lib/xil_testcache.o ps7_cortexa9_0/lib/getpid.o ps7_co
rtexa9_0/lib/xuartps.o ps7_cortexa9_0/lib/xuartps_intr.o ps7_cortexa9_0/lib/xscugic_intr.o ps7_cortexa9_0/lib/abort.o ps7_corte
xa9_0/lib/xdevcfg_hw.o ps7_cortexa9_0/lib/asm_vectors.o ps7_cortexa9_0/lib/xil_mmu.o ps7_cortexa9_0/lib/xpm_counter.o ps7_corte
xa9_0/lib/xdmaps.o ps7_cortexa9_0/lib/xl2cc_counter.o ps7_cortexa9_0/lib/xtime_l.o ps7_cortexa9_0/lib/read.o ps7_cortexa9_0/lib
/xadcps_intr.o ps7_cortexa9_0/lib/xuartps_selftest.o ps7_cortexa9_0/lib/outbyte.o ps7_cortexa9_0/lib/fcntl.o ps7_cortexa9_0/lib
/xuartps_sinit.o ps7_cortexa9_0/lib/xscugic_sinit.o ps7_cortexa9_0/lib/xadcps.o ps7_cortexa9_0/lib/xuartps_g.o ps7_cortexa9_0/l
ib/kill.o ps7_cortexa9_0/lib/xscuwdt_g.o ps7_cortexa9_0/lib/xil_sleepcommon.o ps7_cortexa9_0/lib/xdevcfg_intr.o ps7_cortexa9_0/
lib/time.o ps7_cortexa9_0/lib/xscugic_g.o ps7_cortexa9_0/lib/boot.o ps7_cortexa9_0/lib/xdevcfg_g.o ps7_cortexa9_0/lib/xil_clock
ing.o ps7_cortexa9_0/lib/write.o ps7_cortexa9_0/lib/xscuwdt.o ps7_cortexa9_0/lib/xil_spinlock.o ps7_cortexa9_0/lib/unlink.o ps7
_cortexa9_0/lib/close.o ps7_cortexa9_0/lib/xqspips.o ps7_cortexa9_0/lib/print.o ps7_cortexa9_0/lib/putnum.o ps7_cortexa9_0/lib/
xscutimer_selftest.o ps7_cortexa9_0/lib/xdmaps_selftest.o ps7_cortexa9_0/lib/xil_testio.o ps7_cortexa9_0/lib/usleep.o ps7_corte
xa9_0/lib/xil_cache.o ps7_cortexa9_0/lib/xscutimer_sinit.o ps7_cortexa9_0/lib/xdmaps_sinit.o ps7_cortexa9_0/lib/xil_misc_psrese
t_api.o ps7_cortexa9_0/lib/xscutimer_g.o ps7_cortexa9_0/lib/xdmaps_g.o ps7_cortexa9_0/lib/xcoresightpsdcc.o ps7_cortexa9_0/lib/
xqspips_options.o ps7_cortexa9_0/lib/xil_sleeptimer.o ps7_cortexa9_0/lib/cpu_init.o ps7_cortexa9_0/lib/xscugic_hw.o ps7_cortexa
9_0/lib/isatty.o ps7_cortexa9_0/lib/xqspips_g.o ps7_cortexa9_0/lib/xplatform_info.o ps7_cortexa9_0/lib/xqspips_hw.o ps7_cortexa
9_0/lib/xadcps_selftest.o ps7_cortexa9_0/lib/xil_printf.o ps7_cortexa9_0/lib/xdevcfg.o ps7_cortexa9_0/lib/_open.o ps7_cortexa9_
0/lib/xil_mem.o ps7_cortexa9_0/lib/cpputest_time.o ps7_cortexa9_0/lib/xil-crt0.o ps7_cortexa9_0/lib/sleep.o ps7_cortexa9_0/lib/
xadcps_g.o ps7_cortexa9_0/lib/xuartps_hw.o ps7_cortexa9_0/lib/xscugic.o ps7_cortexa9_0/lib/xadcps_sinit.o ps7_cortexa9_0/lib/xs
cuwdt_selftest.o ps7_cortexa9_0/lib/xil_assert.o ps7_cortexa9_0/lib/_exit.o ps7_cortexa9_0/lib/open.o ps7_cortexa9_0/lib/xqspip
s_selftest.o ps7_cortexa9_0/lib/xil_testmem.o ps7_cortexa9_0/lib/errno.o ps7_cortexa9_0/lib/xil_exception.o ps7_cortexa9_0/lib/
vectors.o ps7_cortexa9_0/lib/_sbrk.o ps7_cortexa9_0/lib/xuartps_options.o ps7_cortexa9_0/lib/lseek.o ps7_cortexa9_0/lib/xil_uti
l.o ps7_cortexa9_0/lib/xqspips_sinit.o ps7_cortexa9_0/lib/fstat.o ps7_cortexa9_0/lib/sbrk.o ps7_cortexa9_0/lib/xscuwdt_sinit.o 
ps7_cortexa9_0/lib/xscugic_selftest.o ps7_cortexa9_0/lib/inbyte.o ps7_cortexa9_0/lib/xdevcfg_selftest.o

Finished building libraries

make: Leaving directory '/home/chris/workspace/sp22-e520-lab-assignment7-ychen0223/part3/software/design_2_wrapper/zynq_fsbl/zy
nq_fsbl_bsp'

arm-none-eabi-gcc  -O2 -c -MMD -MP       -mcpu=cortex-a9 -mfpu=vfpv3 -mfloat-abi=hard  -c pcap.c -o pcap.o -Izynq_fsbl_bsp/ps7_
cortexa9_0/include -I.

arm-none-eabi-gcc  -O2 -c -MMD -MP       -mcpu=cortex-a9 -mfpu=vfpv3 -mfloat-abi=hard  -c main.c -o main.o -Izynq_fsbl_bsp/ps7_
cortexa9_0/include -I.

arm-none-eabi-gcc  -O2 -c -MMD -MP       -mcpu=cortex-a9 -mfpu=vfpv3 -mfloat-abi=hard  -c qspi.c -o qspi.o -Izynq_fsbl_bsp/ps7_
cortexa9_0/include -I.

arm-none-eabi-gcc  -O2 -c -MMD -MP       -mcpu=cortex-a9 -mfpu=vfpv3 -mfloat-abi=hard  -c rsa.c -o rsa.o -Izynq_fsbl_bsp/ps7_co
rtexa9_0/include -I.

arm-none-eabi-gcc  -O2 -c -MMD -MP       -mcpu=cortex-a9 -mfpu=vfpv3 -mfloat-abi=hard  -c nand.c -o nand.o -Izynq_fsbl_bsp/ps7_
cortexa9_0/include -I.

arm-none-eabi-gcc  -O2 -c -MMD -MP       -mcpu=cortex-a9 -mfpu=vfpv3 -mfloat-abi=hard  -c fsbl_hooks.c -o fsbl_hooks.o -Izynq_f
sbl_bsp/ps7_cortexa9_0/include -I.

arm-none-eabi-gcc  -O2 -c -MMD -MP       -mcpu=cortex-a9 -mfpu=vfpv3 -mfloat-abi=hard  -c md5.c -o md5.o -Izynq_fsbl_bsp/ps7_co
rtexa9_0/include -I.

arm-none-eabi-gcc  -O2 -c -MMD -MP       -mcpu=cortex-a9 -mfpu=vfpv3 -mfloat-abi=hard  -c image_mover.c -o image_mover.o -Izynq
_fsbl_bsp/ps7_cortexa9_0/include -I.

arm-none-eabi-gcc  -O2 -c -MMD -MP       -mcpu=cortex-a9 -mfpu=vfpv3 -mfloat-abi=hard  -c ps7_init.c -o ps7_init.o -Izynq_fsbl_
bsp/ps7_cortexa9_0/include -I.

arm-none-eabi-gcc  -O2 -c -MMD -MP       -mcpu=cortex-a9 -mfpu=vfpv3 -mfloat-abi=hard  -c nor.c -o nor.o -Izynq_fsbl_bsp/ps7_co
rtexa9_0/include -I.

arm-none-eabi-gcc  -O2 -c -MMD -MP       -mcpu=cortex-a9 -mfpu=vfpv3 -mfloat-abi=hard  -c sd.c -o sd.o -Izynq_fsbl_bsp/ps7_cort
exa9_0/include -I.

arm-none-eabi-gcc  -O2 -c -MMD -MP       -mcpu=cortex-a9 -mfpu=vfpv3 -mfloat-abi=hard  -c fsbl_handoff.S -o fsbl_handoff.o -Izy
nq_fsbl_bsp/ps7_cortexa9_0/include -I.

arm-none-eabi-gcc -o fsbl.elf fsbl_handoff.o fsbl_hooks.o image_mover.o main.o md5.o nand.o nor.o pcap.o ps7_init.o qspi.o rsa.
o sd.o -MMD -MP       -mcpu=cortex-a9 -mfpu=vfpv3 -mfloat-abi=hard   -mcpu=cortex-a9 -mfpu=vfpv3 -mfloat-abi=hard -Wl,-build-id
=none -specs=Xilinx.spec  -lrsa -Wl,--start-group,-lxil,-lgcc,-lc,--end-group -Wl,--start-group,-lxilffs,-lxil,-lgcc,-lc,--end-
group -Wl,--start-group,-lrsa,-lxil,-lgcc,-lc,--end-group                                -Wl,--gc-sections -Lzynq_fsbl_bsp/ps7_
cortexa9_0/lib -L./ -Tlscript.ld

Building the BSP Library for domain  - standalone_ps7_cortexa9_0 on processor ps7_cortexa9_0
make --no-print-directory seq_libs

Running Make include in ps7_cortexa9_0/libsrc/multiplier_proj_v1_0/src

make -C ps7_cortexa9_0/libsrc/multiplier_proj_v1_0/src -s include  "SHELL=/bin/sh" "COMPILER=arm-none-eabi-gcc" "ASSEMBLER=arm-
none-eabi-as" "ARCHIVER=arm-none-eabi-ar" "COMPILER_FLAGS=  -O2 -c" "EXTRA_COMPILER_FLAGS=-mcpu=cortex-a9 -mfpu=vfpv3 -mfloat-a
bi=hard -nostartfiles -g -Wall -Wextra -fno-tree-loop-distribute-patterns"

Running Make include in ps7_cortexa9_0/libsrc/scuwdt_v2_4/src

make -C ps7_cortexa9_0/libsrc/scuwdt_v2_4/src -s include  "SHELL=/bin/sh" "COMPILER=arm-none-eabi-gcc" "ASSEMBLER=arm-none-eabi
-as" "ARCHIVER=arm-none-eabi-ar" "COMPILER_FLAGS=  -O2 -c" "EXTRA_COMPILER_FLAGS=-mcpu=cortex-a9 -mfpu=vfpv3 -mfloat-abi=hard -
nostartfiles -g -Wall -Wextra -fno-tree-loop-distribute-patterns"

Running Make include in ps7_cortexa9_0/libsrc/devcfg_v3_7/src

make -C ps7_cortexa9_0/libsrc/devcfg_v3_7/src -s include  "SHELL=/bin/sh" "COMPILER=arm-none-eabi-gcc" "ASSEMBLER=arm-none-eabi
-as" "ARCHIVER=arm-none-eabi-ar" "COMPILER_FLAGS=  -O2 -c" "EXTRA_COMPILER_FLAGS=-mcpu=cortex-a9 -mfpu=vfpv3 -mfloat-abi=hard -
nostartfiles -g -Wall -Wextra -fno-tree-loop-distribute-patterns"

Running Make include in ps7_cortexa9_0/libsrc/scugic_v4_6/src

make -C ps7_cortexa9_0/libsrc/scugic_v4_6/src -s include  "SHELL=/bin/sh" "COMPILER=arm-none-eabi-gcc" "ASSEMBLER=arm-none-eabi
-as" "ARCHIVER=arm-none-eabi-ar" "COMPILER_FLAGS=  -O2 -c" "EXTRA_COMPILER_FLAGS=-mcpu=cortex-a9 -mfpu=vfpv3 -mfloat-abi=hard -
nostartfiles -g -Wall -Wextra -fno-tree-loop-distribute-patterns"

Running Make include in ps7_cortexa9_0/libsrc/uartps_v3_11/src

make -C ps7_cortexa9_0/libsrc/uartps_v3_11/src -s include  "SHELL=/bin/sh" "COMPILER=arm-none-eabi-gcc" "ASSEMBLER=arm-none-eab
i-as" "ARCHIVER=arm-none-eabi-ar" "COMPILER_FLAGS=  -O2 -c" "EXTRA_COMPILER_FLAGS=-mcpu=cortex-a9 -mfpu=vfpv3 -mfloat-abi=hard 
-nostartfiles -g -Wall -Wextra -fno-tree-loop-distribute-patterns"

Running Make include in ps7_cortexa9_0/libsrc/scutimer_v2_3/src

make -C ps7_cortexa9_0/libsrc/scutimer_v2_3/src -s include  "SHELL=/bin/sh" "COMPILER=arm-none-eabi-gcc" "ASSEMBLER=arm-none-ea
bi-as" "ARCHIVER=arm-none-eabi-ar" "COMPILER_FLAGS=  -O2 -c" "EXTRA_COMPILER_FLAGS=-mcpu=cortex-a9 -mfpu=vfpv3 -mfloat-abi=hard
 -nostartfiles -g -Wall -Wextra -fno-tree-loop-distribute-patterns"

Running Make include in ps7_cortexa9_0/libsrc/standalone_v7_6/src

make -C ps7_cortexa9_0/libsrc/standalone_v7_6/src -s include  "SHELL=/bin/sh" "COMPILER=arm-none-eabi-gcc" "ASSEMBLER=arm-none-
eabi-as" "ARCHIVER=arm-none-eabi-ar" "COMPILER_FLAGS=  -O2 -c" "EXTRA_COMPILER_FLAGS=-mcpu=cortex-a9 -mfpu=vfpv3 -mfloat-abi=ha
rd -nostartfiles -g -Wall -Wextra -fno-tree-loop-distribute-patterns"

Running Make include in ps7_cortexa9_0/libsrc/coresightps_dcc_v1_8/src

make -C ps7_cortexa9_0/libsrc/coresightps_dcc_v1_8/src -s include  "SHELL=/bin/sh" "COMPILER=arm-none-eabi-gcc" "ASSEMBLER=arm-
none-eabi-as" "ARCHIVER=arm-none-eabi-ar" "COMPILER_FLAGS=  -O2 -c" "EXTRA_COMPILER_FLAGS=-mcpu=cortex-a9 -mfpu=vfpv3 -mfloat-a
bi=hard -nostartfiles -g -Wall -Wextra -fno-tree-loop-distribute-patterns"

Running Make include in ps7_cortexa9_0/libsrc/ddrps_v1_2/src

make -C ps7_cortexa9_0/libsrc/ddrps_v1_2/src -s include  "SHELL=/bin/sh" "COMPILER=arm-none-eabi-gcc" "ASSEMBLER=arm-none-eabi-
as" "ARCHIVER=arm-none-eabi-ar" "COMPILER_FLAGS=  -O2 -c" "EXTRA_COMPILER_FLAGS=-mcpu=cortex-a9 -mfpu=vfpv3 -mfloat-abi=hard -n
ostartfiles -g -Wall -Wextra -fno-tree-loop-distribute-patterns"

Running Make include in ps7_cortexa9_0/libsrc/xadcps_v2_6/src

make -C ps7_cortexa9_0/libsrc/xadcps_v2_6/src -s include  "SHELL=/bin/sh" "COMPILER=arm-none-eabi-gcc" "ASSEMBLER=arm-none-eabi
-as" "ARCHIVER=arm-none-eabi-ar" "COMPILER_FLAGS=  -O2 -c" "EXTRA_COMPILER_FLAGS=-mcpu=cortex-a9 -mfpu=vfpv3 -mfloat-abi=hard -
nostartfiles -g -Wall -Wextra -fno-tree-loop-distribute-patterns"

Running Make include in ps7_cortexa9_0/libsrc/cpu_cortexa9_v2_11/src

make -C ps7_cortexa9_0/libsrc/cpu_cortexa9_v2_11/src -s include  "SHELL=/bin/sh" "COMPILER=arm-none-eabi-gcc" "ASSEMBLER=arm-no
ne-eabi-as" "ARCHIVER=arm-none-eabi-ar" "COMPILER_FLAGS=  -O2 -c" "EXTRA_COMPILER_FLAGS=-mcpu=cortex-a9 -mfpu=vfpv3 -mfloat-abi
=hard -nostartfiles -g -Wall -Wextra -fno-tree-loop-distribute-patterns"

Running Make include in ps7_cortexa9_0/libsrc/qspips_v3_9/src

make -C ps7_cortexa9_0/libsrc/qspips_v3_9/src -s include  "SHELL=/bin/sh" "COMPILER=arm-none-eabi-gcc" "ASSEMBLER=arm-none-eabi
-as" "ARCHIVER=arm-none-eabi-ar" "COMPILER_FLAGS=  -O2 -c" "EXTRA_COMPILER_FLAGS=-mcpu=cortex-a9 -mfpu=vfpv3 -mfloat-abi=hard -
nostartfiles -g -Wall -Wextra -fno-tree-loop-distribute-patterns"

Running Make include in ps7_cortexa9_0/libsrc/dmaps_v2_8/src

make -C ps7_cortexa9_0/libsrc/dmaps_v2_8/src -s include  "SHELL=/bin/sh" "COMPILER=arm-none-eabi-gcc" "ASSEMBLER=arm-none-eabi-
as" "ARCHIVER=arm-none-eabi-ar" "COMPILER_FLAGS=  -O2 -c" "EXTRA_COMPILER_FLAGS=-mcpu=cortex-a9 -mfpu=vfpv3 -mfloat-abi=hard -n
ostartfiles -g -Wall -Wextra -fno-tree-loop-distribute-patterns"

Running Make libs in ps7_cortexa9_0/libsrc/multiplier_proj_v1_0/src

make -C ps7_cortexa9_0/libsrc/multiplier_proj_v1_0/src -s libs  "SHELL=/bin/sh" "COMPILER=arm-none-eabi-gcc" "ASSEMBLER=arm-non
e-eabi-as" "ARCHIVER=arm-none-eabi-ar" "COMPILER_FLAGS=  -O2 -c" "EXTRA_COMPILER_FLAGS=-mcpu=cortex-a9 -mfpu=vfpv3 -mfloat-abi=
hard -nostartfiles -g -Wall -Wextra -fno-tree-loop-distribute-patterns"

Compiling multiplier_proj...

multiplier_proj_selftest.c: In function 'MULTIPLIER_PROJ_Reg_SelfTest':
multiplier_proj_selftest.c:52:64: warning: comparison of integer expressions of different signedness: 'u32' {aka 'long unsigned int'} and 'int' [-Wsign-compare]
   52 |    if ( MULTIPLIER_PROJ_mReadReg (baseaddr, read_loop_index*4) != (read_loop_index+1)*READ_WRITE_MUL_FACTOR){
      |                                                                ^~
multiplier_proj_selftest.c:36:6: warning: unused variable 'Index' [-Wunused-variable]
   36 |  int Index;
      |      ^~~~~
/home/chris/Vitis/2021.2/gnu/aarch32/lin/gcc-arm-none-eabi/bin/../x86_64-oesdk-linux/usr/bin/arm-xilinx-eabi/arm-xilinx-eabi-ar.real: creating ../../../lib/libxil.a
Finished building libraries sequentially.

make -j 10 --no-print-directory par_libs

Running Make include in ps7_cortexa9_0/libsrc/multiplier_proj_v1_0/src

Running Make include in ps7_cortexa9_0/libsrc/scuwdt_v2_4/src

Running Make include in ps7_cortexa9_0/libsrc/devcfg_v3_7/src

Running Make include in ps7_cortexa9_0/libsrc/scugic_v4_6/src

make -C ps7_cortexa9_0/libsrc/multiplier_proj_v1_0/src -s include  "SHELL=/bin/sh" "COMPILER=arm-none-eabi-gcc" "ASSEMBLER=arm-
none-eabi-as" "ARCHIVER=arm-none-eabi-ar" "COMPILER_FLAGS=  -O2 -c" "EXTRA_COMPILER_FLAGS=-mcpu=cortex-a9 -mfpu=vfpv3 -mfloat-a
bi=hard -nostartfiles -g -Wall -Wextra -fno-tree-loop-distribute-patterns"

make -C ps7_cortexa9_0/libsrc/scuwdt_v2_4/src -s include  "SHELL=/bin/sh" "COMPILER=arm-none-eabi-gcc" "ASSEMBLER=arm-none-eabi
-as" "ARCHIVER=arm-none-eabi-ar" "COMPILER_FLAGS=  -O2 -c" "EXTRA_COMPILER_FLAGS=-mcpu=cortex-a9 -mfpu=vfpv3 -mfloat-abi=hard -
nostartfiles -g -Wall -Wextra -fno-tree-loop-distribute-patterns"

make -C ps7_cortexa9_0/libsrc/devcfg_v3_7/src -s include  "SHELL=/bin/sh" "COMPILER=arm-none-eabi-gcc" "ASSEMBLER=arm-none-eabi
-as" "ARCHIVER=arm-none-eabi-ar" "COMPILER_FLAGS=  -O2 -c" "EXTRA_COMPILER_FLAGS=-mcpu=cortex-a9 -mfpu=vfpv3 -mfloat-abi=hard -
nostartfiles -g -Wall -Wextra -fno-tree-loop-distribute-patterns"

Running Make include in ps7_cortexa9_0/libsrc/uartps_v3_11/src

make -C ps7_cortexa9_0/libsrc/scugic_v4_6/src -s include  "SHELL=/bin/sh" "COMPILER=arm-none-eabi-gcc" "ASSEMBLER=arm-none-eabi
-as" "ARCHIVER=arm-none-eabi-ar" "COMPILER_FLAGS=  -O2 -c" "EXTRA_COMPILER_FLAGS=-mcpu=cortex-a9 -mfpu=vfpv3 -mfloat-abi=hard -
nostartfiles -g -Wall -Wextra -fno-tree-loop-distribute-patterns"

make -C ps7_cortexa9_0/libsrc/uartps_v3_11/src -s include  "SHELL=/bin/sh" "COMPILER=arm-none-eabi-gcc" "ASSEMBLER=arm-none-eab
i-as" "ARCHIVER=arm-none-eabi-ar" "COMPILER_FLAGS=  -O2 -c" "EXTRA_COMPILER_FLAGS=-mcpu=cortex-a9 -mfpu=vfpv3 -mfloat-abi=hard 
-nostartfiles -g -Wall -Wextra -fno-tree-loop-distribute-patterns"

Running Make include in ps7_cortexa9_0/libsrc/scutimer_v2_3/src

Running Make include in ps7_cortexa9_0/libsrc/standalone_v7_6/src

make -C ps7_cortexa9_0/libsrc/scutimer_v2_3/src -s include  "SHELL=/bin/sh" "COMPILER=arm-none-eabi-gcc" "ASSEMBLER=arm-none-ea
bi-as" "ARCHIVER=arm-none-eabi-ar" "COMPILER_FLAGS=  -O2 -c" "EXTRA_COMPILER_FLAGS=-mcpu=cortex-a9 -mfpu=vfpv3 -mfloat-abi=hard
 -nostartfiles -g -Wall -Wextra -fno-tree-loop-distribute-patterns"

make -C ps7_cortexa9_0/libsrc/standalone_v7_6/src -s include  "SHELL=/bin/sh" "COMPILER=arm-none-eabi-gcc" "ASSEMBLER=arm-none-
eabi-as" "ARCHIVER=arm-none-eabi-ar" "COMPILER_FLAGS=  -O2 -c" "EXTRA_COMPILER_FLAGS=-mcpu=cortex-a9 -mfpu=vfpv3 -mfloat-abi=ha
rd -nostartfiles -g -Wall -Wextra -fno-tree-loop-distribute-patterns"

Running Make include in ps7_cortexa9_0/libsrc/coresightps_dcc_v1_8/src

make -C ps7_cortexa9_0/libsrc/coresightps_dcc_v1_8/src -s include  "SHELL=/bin/sh" "COMPILER=arm-none-eabi-gcc" "ASSEMBLER=arm-
none-eabi-as" "ARCHIVER=arm-none-eabi-ar" "COMPILER_FLAGS=  -O2 -c" "EXTRA_COMPILER_FLAGS=-mcpu=cortex-a9 -mfpu=vfpv3 -mfloat-a
bi=hard -nostartfiles -g -Wall -Wextra -fno-tree-loop-distribute-patterns"

Running Make include in ps7_cortexa9_0/libsrc/ddrps_v1_2/src

make -C ps7_cortexa9_0/libsrc/ddrps_v1_2/src -s include  "SHELL=/bin/sh" "COMPILER=arm-none-eabi-gcc" "ASSEMBLER=arm-none-eabi-
as" "ARCHIVER=arm-none-eabi-ar" "COMPILER_FLAGS=  -O2 -c" "EXTRA_COMPILER_FLAGS=-mcpu=cortex-a9 -mfpu=vfpv3 -mfloat-abi=hard -n
ostartfiles -g -Wall -Wextra -fno-tree-loop-distribute-patterns"

Running Make include in ps7_cortexa9_0/libsrc/xadcps_v2_6/src

make -C ps7_cortexa9_0/libsrc/xadcps_v2_6/src -s include  "SHELL=/bin/sh" "COMPILER=arm-none-eabi-gcc" "ASSEMBLER=arm-none-eabi
-as" "ARCHIVER=arm-none-eabi-ar" "COMPILER_FLAGS=  -O2 -c" "EXTRA_COMPILER_FLAGS=-mcpu=cortex-a9 -mfpu=vfpv3 -mfloat-abi=hard -
nostartfiles -g -Wall -Wextra -fno-tree-loop-distribute-patterns"

Running Make include in ps7_cortexa9_0/libsrc/cpu_cortexa9_v2_11/src

make -C ps7_cortexa9_0/libsrc/cpu_cortexa9_v2_11/src -s include  "SHELL=/bin/sh" "COMPILER=arm-none-eabi-gcc" "ASSEMBLER=arm-no
ne-eabi-as" "ARCHIVER=arm-none-eabi-ar" "COMPILER_FLAGS=  -O2 -c" "EXTRA_COMPILER_FLAGS=-mcpu=cortex-a9 -mfpu=vfpv3 -mfloat-abi
=hard -nostartfiles -g -Wall -Wextra -fno-tree-loop-distribute-patterns"

Running Make include in ps7_cortexa9_0/libsrc/qspips_v3_9/src

Running Make include in ps7_cortexa9_0/libsrc/dmaps_v2_8/src

make -C ps7_cortexa9_0/libsrc/qspips_v3_9/src -s include  "SHELL=/bin/sh" "COMPILER=arm-none-eabi-gcc" "ASSEMBLER=arm-none-eabi
-as" "ARCHIVER=arm-none-eabi-ar" "COMPILER_FLAGS=  -O2 -c" "EXTRA_COMPILER_FLAGS=-mcpu=cortex-a9 -mfpu=vfpv3 -mfloat-abi=hard -
nostartfiles -g -Wall -Wextra -fno-tree-loop-distribute-patterns"

make -C ps7_cortexa9_0/libsrc/dmaps_v2_8/src -s include  "SHELL=/bin/sh" "COMPILER=arm-none-eabi-gcc" "ASSEMBLER=arm-none-eabi-
as" "ARCHIVER=arm-none-eabi-ar" "COMPILER_FLAGS=  -O2 -c" "EXTRA_COMPILER_FLAGS=-mcpu=cortex-a9 -mfpu=vfpv3 -mfloat-abi=hard -n
ostartfiles -g -Wall -Wextra -fno-tree-loop-distribute-patterns"

Running Make libs in ps7_cortexa9_0/libsrc/scuwdt_v2_4/src

make -C ps7_cortexa9_0/libsrc/scuwdt_v2_4/src -s libs  "SHELL=/bin/sh" "COMPILER=arm-none-eabi-gcc" "ASSEMBLER=arm-none-eabi-as
" "ARCHIVER=arm-none-eabi-ar" "COMPILER_FLAGS=  -O2 -c" "EXTRA_COMPILER_FLAGS=-mcpu=cortex-a9 -mfpu=vfpv3 -mfloat-abi=hard -nos
tartfiles -g -Wall -Wextra -fno-tree-loop-distribute-patterns"

Running Make libs in ps7_cortexa9_0/libsrc/devcfg_v3_7/src

Running Make libs in ps7_cortexa9_0/libsrc/scugic_v4_6/src

make -C ps7_cortexa9_0/libsrc/devcfg_v3_7/src -s libs  "SHELL=/bin/sh" "COMPILER=arm-none-eabi-gcc" "ASSEMBLER=arm-none-eabi-as
" "ARCHIVER=arm-none-eabi-ar" "COMPILER_FLAGS=  -O2 -c" "EXTRA_COMPILER_FLAGS=-mcpu=cortex-a9 -mfpu=vfpv3 -mfloat-abi=hard -nos
tartfiles -g -Wall -Wextra -fno-tree-loop-distribute-patterns"

Running Make libs in ps7_cortexa9_0/libsrc/uartps_v3_11/src

make -C ps7_cortexa9_0/libsrc/scugic_v4_6/src -s libs  "SHELL=/bin/sh" "COMPILER=arm-none-eabi-gcc" "ASSEMBLER=arm-none-eabi-as
" "ARCHIVER=arm-none-eabi-ar" "COMPILER_FLAGS=  -O2 -c" "EXTRA_COMPILER_FLAGS=-mcpu=cortex-a9 -mfpu=vfpv3 -mfloat-abi=hard -nos
tartfiles -g -Wall -Wextra -fno-tree-loop-distribute-patterns"

Running Make libs in ps7_cortexa9_0/libsrc/scutimer_v2_3/src

make -C ps7_cortexa9_0/libsrc/uartps_v3_11/src -s libs  "SHELL=/bin/sh" "COMPILER=arm-none-eabi-gcc" "ASSEMBLER=arm-none-eabi-a
s" "ARCHIVER=arm-none-eabi-ar" "COMPILER_FLAGS=  -O2 -c" "EXTRA_COMPILER_FLAGS=-mcpu=cortex-a9 -mfpu=vfpv3 -mfloat-abi=hard -no
startfiles -g -Wall -Wextra -fno-tree-loop-distribute-patterns"

Running Make libs in ps7_cortexa9_0/libsrc/standalone_v7_6/src

make -C ps7_cortexa9_0/libsrc/scutimer_v2_3/src -s libs  "SHELL=/bin/sh" "COMPILER=arm-none-eabi-gcc" "ASSEMBLER=arm-none-eabi-
as" "ARCHIVER=arm-none-eabi-ar" "COMPILER_FLAGS=  -O2 -c" "EXTRA_COMPILER_FLAGS=-mcpu=cortex-a9 -mfpu=vfpv3 -mfloat-abi=hard -n
ostartfiles -g -Wall -Wextra -fno-tree-loop-distribute-patterns"

make -C ps7_cortexa9_0/libsrc/standalone_v7_6/src -s libs  "SHELL=/bin/sh" "COMPILER=arm-none-eabi-gcc" "ASSEMBLER=arm-none-eab
i-as" "ARCHIVER=arm-none-eabi-ar" "COMPILER_FLAGS=  -O2 -c" "EXTRA_COMPILER_FLAGS=-mcpu=cortex-a9 -mfpu=vfpv3 -mfloat-abi=hard 
-nostartfiles -g -Wall -Wextra -fno-tree-loop-distribute-patterns"

Running Make libs in ps7_cortexa9_0/libsrc/coresightps_dcc_v1_8/src

Running Make libs in ps7_cortexa9_0/libsrc/ddrps_v1_2/src

make -C ps7_cortexa9_0/libsrc/coresightps_dcc_v1_8/src -s libs  "SHELL=/bin/sh" "COMPILER=arm-none-eabi-gcc" "ASSEMBLER=arm-non
e-eabi-as" "ARCHIVER=arm-none-eabi-ar" "COMPILER_FLAGS=  -O2 -c" "EXTRA_COMPILER_FLAGS=-mcpu=cortex-a9 -mfpu=vfpv3 -mfloat-abi=
hard -nostartfiles -g -Wall -Wextra -fno-tree-loop-distribute-patterns"

make -C ps7_cortexa9_0/libsrc/ddrps_v1_2/src -s libs  "SHELL=/bin/sh" "COMPILER=arm-none-eabi-gcc" "ASSEMBLER=arm-none-eabi-as"
 "ARCHIVER=arm-none-eabi-ar" "COMPILER_FLAGS=  -O2 -c" "EXTRA_COMPILER_FLAGS=-mcpu=cortex-a9 -mfpu=vfpv3 -mfloat-abi=hard -nost
artfiles -g -Wall -Wextra -fno-tree-loop-distribute-patterns"

Running Make libs in ps7_cortexa9_0/libsrc/xadcps_v2_6/src

make -C ps7_cortexa9_0/libsrc/xadcps_v2_6/src -s libs  "SHELL=/bin/sh" "COMPILER=arm-none-eabi-gcc" "ASSEMBLER=arm-none-eabi-as
" "ARCHIVER=arm-none-eabi-ar" "COMPILER_FLAGS=  -O2 -c" "EXTRA_COMPILER_FLAGS=-mcpu=cortex-a9 -mfpu=vfpv3 -mfloat-abi=hard -nos
tartfiles -g -Wall -Wextra -fno-tree-loop-distribute-patterns"

Running Make libs in ps7_cortexa9_0/libsrc/cpu_cortexa9_v2_11/src

make -C ps7_cortexa9_0/libsrc/cpu_cortexa9_v2_11/src -s libs  "SHELL=/bin/sh" "COMPILER=arm-none-eabi-gcc" "ASSEMBLER=arm-none-
eabi-as" "ARCHIVER=arm-none-eabi-ar" "COMPILER_FLAGS=  -O2 -c" "EXTRA_COMPILER_FLAGS=-mcpu=cortex-a9 -mfpu=vfpv3 -mfloat-abi=ha
rd -nostartfiles -g -Wall -Wextra -fno-tree-loop-distribute-patterns"

Running Make libs in ps7_cortexa9_0/libsrc/qspips_v3_9/src

make -C ps7_cortexa9_0/libsrc/qspips_v3_9/src -s libs  "SHELL=/bin/sh" "COMPILER=arm-none-eabi-gcc" "ASSEMBLER=arm-none-eabi-as
" "ARCHIVER=arm-none-eabi-ar" "COMPILER_FLAGS=  -O2 -c" "EXTRA_COMPILER_FLAGS=-mcpu=cortex-a9 -mfpu=vfpv3 -mfloat-abi=hard -nos
tartfiles -g -Wall -Wextra -fno-tree-loop-distribute-patterns"

Running Make libs in ps7_cortexa9_0/libsrc/dmaps_v2_8/src

make -C ps7_cortexa9_0/libsrc/dmaps_v2_8/src -s libs  "SHELL=/bin/sh" "COMPILER=arm-none-eabi-gcc" "ASSEMBLER=arm-none-eabi-as"
 "ARCHIVER=arm-none-eabi-ar" "COMPILER_FLAGS=  -O2 -c" "EXTRA_COMPILER_FLAGS=-mcpu=cortex-a9 -mfpu=vfpv3 -mfloat-abi=hard -nost
artfiles -g -Wall -Wextra -fno-tree-loop-distribute-patterns"

xtime_l.c:45:9: note: '#pragma message: For the sleep routines, Global timer is being used'
   45 | #pragma message ("For the sleep routines, Global timer is being used")
      |         ^~~~~~~
Finished building libraries parallelly.

make --no-print-directory archive

arm-none-eabi-ar -r  ps7_cortexa9_0/lib/libxil.a ps7_cortexa9_0/lib/xscutimer.o ps7_cortexa9_0/lib/xdmaps_hw.o ps7_cortexa9_0/l
ib/xdevcfg_sinit.o ps7_cortexa9_0/lib/translation_table.o ps7_cortexa9_0/lib/xil_testcache.o ps7_cortexa9_0/lib/getpid.o ps7_co
rtexa9_0/lib/xuartps.o ps7_cortexa9_0/lib/xuartps_intr.o ps7_cortexa9_0/lib/xscugic_intr.o ps7_cortexa9_0/lib/abort.o ps7_corte
xa9_0/lib/xdevcfg_hw.o ps7_cortexa9_0/lib/asm_vectors.o ps7_cortexa9_0/lib/xil_mmu.o ps7_cortexa9_0/lib/xpm_counter.o ps7_corte
xa9_0/lib/xdmaps.o ps7_cortexa9_0/lib/xl2cc_counter.o ps7_cortexa9_0/lib/xtime_l.o ps7_cortexa9_0/lib/read.o ps7_cortexa9_0/lib
/xadcps_intr.o ps7_cortexa9_0/lib/xuartps_selftest.o ps7_cortexa9_0/lib/outbyte.o ps7_cortexa9_0/lib/fcntl.o ps7_cortexa9_0/lib
/xuartps_sinit.o ps7_cortexa9_0/lib/xscugic_sinit.o ps7_cortexa9_0/lib/xadcps.o ps7_cortexa9_0/lib/xuartps_g.o ps7_cortexa9_0/l
ib/kill.o ps7_cortexa9_0/lib/xscuwdt_g.o ps7_cortexa9_0/lib/xil_sleepcommon.o ps7_cortexa9_0/lib/xdevcfg_intr.o ps7_cortexa9_0/
lib/time.o ps7_cortexa9_0/lib/xscugic_hw.o ps7_cortexa9_0/lib/boot.o ps7_cortexa9_0/lib/xdevcfg_g.o ps7_cortexa9_0/lib/xil_cloc
king.o ps7_cortexa9_0/lib/write.o ps7_cortexa9_0/lib/xscuwdt.o ps7_cortexa9_0/lib/xil_spinlock.o ps7_cortexa9_0/lib/close.o ps7
_cortexa9_0/lib/xqspips.o ps7_cortexa9_0/lib/print.o ps7_cortexa9_0/lib/putnum.o ps7_cortexa9_0/lib/xscutimer_selftest.o ps7_co
rtexa9_0/lib/xdmaps_selftest.o ps7_cortexa9_0/lib/xil_testio.o ps7_cortexa9_0/lib/usleep.o ps7_cortexa9_0/lib/xil_cache.o ps7_c
ortexa9_0/lib/xscutimer_sinit.o ps7_cortexa9_0/lib/xdmaps_sinit.o ps7_cortexa9_0/lib/xil_misc_psreset_api.o ps7_cortexa9_0/lib/
xscutimer_g.o ps7_cortexa9_0/lib/xdmaps_g.o ps7_cortexa9_0/lib/xcoresightpsdcc.o ps7_cortexa9_0/lib/xqspips_options.o ps7_corte
xa9_0/lib/xil_sleeptimer.o ps7_cortexa9_0/lib/cpu_init.o ps7_cortexa9_0/lib/unlink.o ps7_cortexa9_0/lib/isatty.o ps7_cortexa9_0
/lib/xqspips_g.o ps7_cortexa9_0/lib/xplatform_info.o ps7_cortexa9_0/lib/xqspips_hw.o ps7_cortexa9_0/lib/xil_assert.o ps7_cortex
a9_0/lib/xadcps_selftest.o ps7_cortexa9_0/lib/xil_printf.o ps7_cortexa9_0/lib/xdevcfg.o ps7_cortexa9_0/lib/_open.o ps7_cortexa9
_0/lib/xil_mem.o ps7_cortexa9_0/lib/cpputest_time.o ps7_cortexa9_0/lib/xil-crt0.o ps7_cortexa9_0/lib/sleep.o ps7_cortexa9_0/lib
/xadcps_g.o ps7_cortexa9_0/lib/xuartps_hw.o ps7_cortexa9_0/lib/xscugic.o ps7_cortexa9_0/lib/xadcps_sinit.o ps7_cortexa9_0/lib/x
scugic_g.o ps7_cortexa9_0/lib/xscuwdt_selftest.o ps7_cortexa9_0/lib/_exit.o ps7_cortexa9_0/lib/open.o ps7_cortexa9_0/lib/xqspip
s_selftest.o ps7_cortexa9_0/lib/xil_testmem.o ps7_cortexa9_0/lib/errno.o ps7_cortexa9_0/lib/xil_exception.o ps7_cortexa9_0/lib/
vectors.o ps7_cortexa9_0/lib/_sbrk.o ps7_cortexa9_0/lib/xuartps_options.o ps7_cortexa9_0/lib/lseek.o ps7_cortexa9_0/lib/xil_uti
l.o ps7_cortexa9_0/lib/xqspips_sinit.o ps7_cortexa9_0/lib/fstat.o ps7_cortexa9_0/lib/sbrk.o ps7_cortexa9_0/lib/xscuwdt_sinit.o 
ps7_cortexa9_0/lib/xscugic_selftest.o ps7_cortexa9_0/lib/inbyte.o ps7_cortexa9_0/lib/xdevcfg_selftest.o

Finished building libraries

22:58:34 **** Build of configuration Debug for project mult_app ****
make all 
make --no-print-directory pre-build
a9-linaro-pre-build-step
 
make --no-print-directory main-build
Building file: ../src/helloworld.c
Invoking: ARM v7 gcc compiler
arm-none-eabi-gcc -Wall -O0 -g3 -c -fmessage-length=0 -MT"src/helloworld.o" -mcpu=cortex-a9 -mfpu=vfpv3 -mfloat-abi=hard -I/home/chris/workspace/sp22-e520-lab-assignment7-ychen0223/part3/software/design_2_wrapper/export/design_2_wrapper/sw/design_2_wrapper/standalone_ps7_cortexa9_0/bspinclude/include -MMD -MP -MF"src/helloworld.d" -MT"src/helloworld.o" -o "src/helloworld.o" "../src/helloworld.c"
In file included from ../src/helloworld.c:51:
/home/chris/workspace/sp22-e520-lab-assignment7-ychen0223/part3/software/design_2_wrapper/export/design_2_wrapper/sw/design_2_wrapper/standalone_ps7_cortexa9_0/bspinclude/include/xbasic_types.h:102:2: warning: #warning The xbasics_type.h file is deprecated and users should use xil_types.h and xil_assert. [-Wcpp]
  102 | #warning  The xbasics_type.h file is deprecated and users should use xil_types.h and xil_assert.
      |  ^~~~~~~
/home/chris/workspace/sp22-e520-lab-assignment7-ychen0223/part3/software/design_2_wrapper/export/design_2_wrapper/sw/design_2_wrapper/standalone_ps7_cortexa9_0/bspinclude/include/xbasic_types.h:103:2: warning: #warning Please refer the Standalone BSP UG647 for further details [-Wcpp]
  103 | #warning  Please refer the Standalone BSP UG647 for further details
      |  ^~~~~~~
Finished building: ../src/helloworld.c
 
Building file: ../src/platform.c
Invoking: ARM v7 gcc compiler
arm-none-eabi-gcc -Wall -O0 -g3 -c -fmessage-length=0 -MT"src/platform.o" -mcpu=cortex-a9 -mfpu=vfpv3 -mfloat-abi=hard -I/home/chris/workspace/sp22-e520-lab-assignment7-ychen0223/part3/software/design_2_wrapper/export/design_2_wrapper/sw/design_2_wrapper/standalone_ps7_cortexa9_0/bspinclude/include -MMD -MP -MF"src/platform.d" -MT"src/platform.o" -o "src/platform.o" "../src/platform.c"
Finished building: ../src/platform.c
 
Building target: mult_app.elf
Invoking: ARM v7 gcc linker
arm-none-eabi-gcc -mcpu=cortex-a9 -mfpu=vfpv3 -mfloat-abi=hard -Wl,-build-id=none -specs=Xilinx.spec -Wl,-T -Wl,../src/lscript.ld -L/home/chris/workspace/sp22-e520-lab-assignment7-ychen0223/part3/software/design_2_wrapper/export/design_2_wrapper/sw/design_2_wrapper/standalone_ps7_cortexa9_0/bsplib/lib -o "mult_app.elf"  ./src/helloworld.o ./src/platform.o   -Wl,--start-group,-lxil,-lgcc,-lc,--end-group
Finished building target: mult_app.elf
 
Invoking: ARM v7 Print Size
arm-none-eabi-size mult_app.elf  |tee "mult_app.elf.size"
   text	   data	    bss	    dec	    hex	filename
  22029	   1144	  22568	  45741	   b2ad	mult_app.elf
Finished building: mult_app.elf.size
 
22:58:34 **** Build of configuration Debug for project mult_app_system ****
make all 
Generating bif file for the system project
Executing command '::scw::generate_bif -xpfm /home/chris/workspace/sp22-e520-lab-assignment7-ychen0223/part3/software/design_2_wrapper/export/design_2_wrapper/design_2_wrapper.xpfm -domains standalone_ps7_cortexa9_0 -bifpath /home/chris/workspace/sp22-e520-lab-assignment7-ychen0223/part3/software/mult_app_system/Debug/system.bif' on XSCT
sdcard_gen --xpfm /home/chris/workspace/sp22-e520-lab-assignment7-ychen0223/part3/software/design_2_wrapper/export/design_2_wrapper/design_2_wrapper.xpfm --sys_config design_2_wrapper --bif /home/chris/workspace/sp22-e520-lab-assignment7-ychen0223/part3/software/mult_app_system/Debug/system.bif --bitstream /home/chris/workspace/sp22-e520-lab-assignment7-ychen0223/part3/software/mult_app/_ide/bitstream/design_2_wrapper.bit --elf /home/chris/workspace/sp22-e520-lab-assignment7-ychen0223/part3/software/mult_app/Debug/mult_app.elf,ps7_cortexa9_0
creating BOOT.BIN using /home/chris/workspace/sp22-e520-lab-assignment7-ychen0223/part3/software/mult_app/_ide/bitstream/design_2_wrapper.bit
Running /home/chris/Vitis/2021.2/bin/bootgen  -image /home/chris/workspace/sp22-e520-lab-assignment7-ychen0223/part3/software/mult_app_system/Debug/sd_card_temp/boot.bif -w -o i BOOT.BIN
