22:58:34 **** Build of configuration Debug for project mult_app ****
make all 
make --no-print-directory pre-build
a9-linaro-pre-build-step
 
make --no-print-directory main-build
Building file: ../src/helloworld.c
Invoking: ARM v7 gcc compiler
arm-none-eabi-gcc -Wall -O0 -g3 -c -fmessage-length=0 -MT"src/helloworld.o" -mcpu=cortex-a9 -mfpu=vfpv3 -mfloat-abi=hard -I/home/chris/workspace/sp22-e520-lab-assignment7-ychen0223/part3/software/design_2_wrapper/export/design_2_wrapper/sw/design_2_wrapper/standalone_ps7_cortexa9_0/bspinclude/include -MMD -MP -MF"src/helloworld.d" -MT"src/helloworld.o" -o "src/helloworld.o" "../src/helloworld.c"
In file included from ../src/helloworld.c:51:
/home/chris/workspace/sp22-e520-lab-assignment7-ychen0223/part3/software/design_2_wrapper/export/design_2_wrapper/sw/design_2_wrapper/standalone_ps7_cortexa9_0/bspinclude/include/xbasic_types.h:102:2: warning: #warning The xbasics_type.h file is deprecated and users should use xil_types.h and xil_assert. [-Wcpp]
  102 | #warning  The xbasics_type.h file is deprecated and users should use xil_types.h and xil_assert.
      |  ^~~~~~~
/home/chris/workspace/sp22-e520-lab-assignment7-ychen0223/part3/software/design_2_wrapper/export/design_2_wrapper/sw/design_2_wrapper/standalone_ps7_cortexa9_0/bspinclude/include/xbasic_types.h:103:2: warning: #warning Please refer the Standalone BSP UG647 for further details [-Wcpp]
  103 | #warning  Please refer the Standalone BSP UG647 for further details
      |  ^~~~~~~
Finished building: ../src/helloworld.c
 
Building file: ../src/platform.c
Invoking: ARM v7 gcc compiler
arm-none-eabi-gcc -Wall -O0 -g3 -c -fmessage-length=0 -MT"src/platform.o" -mcpu=cortex-a9 -mfpu=vfpv3 -mfloat-abi=hard -I/home/chris/workspace/sp22-e520-lab-assignment7-ychen0223/part3/software/design_2_wrapper/export/design_2_wrapper/sw/design_2_wrapper/standalone_ps7_cortexa9_0/bspinclude/include -MMD -MP -MF"src/platform.d" -MT"src/platform.o" -o "src/platform.o" "../src/platform.c"
Finished building: ../src/platform.c
 
Building target: mult_app.elf
Invoking: ARM v7 gcc linker
arm-none-eabi-gcc -mcpu=cortex-a9 -mfpu=vfpv3 -mfloat-abi=hard -Wl,-build-id=none -specs=Xilinx.spec -Wl,-T -Wl,../src/lscript.ld -L/home/chris/workspace/sp22-e520-lab-assignment7-ychen0223/part3/software/design_2_wrapper/export/design_2_wrapper/sw/design_2_wrapper/standalone_ps7_cortexa9_0/bsplib/lib -o "mult_app.elf"  ./src/helloworld.o ./src/platform.o   -Wl,--start-group,-lxil,-lgcc,-lc,--end-group
Finished building target: mult_app.elf
 
Invoking: ARM v7 Print Size
arm-none-eabi-size mult_app.elf  |tee "mult_app.elf.size"
   text	   data	    bss	    dec	    hex	filename
  22029	   1144	  22568	  45741	   b2ad	mult_app.elf
Finished building: mult_app.elf.size
 

22:58:34 Build Finished (took 316ms)

